// Jest Snapshot v1, https://goo.gl/fbAQLP

exports[`Example should render default 1`] = `
<div>
  <div>
    <h1>
      Example
    </h1>
  </div>
</div>
`;
